components/ui/command.tsx(53,9): error TS2322: Type '{ children: Element; className: string; showCloseButton: boolean; }' is not assignable to type 'IntrinsicAttributes & Omit<DialogContentProps & RefAttributes<HTMLDivElement>, "ref"> & RefAttributes<...>'.
  Property 'showCloseButton' does not exist on type 'IntrinsicAttributes & Omit<DialogContentProps & RefAttributes<HTMLDivElement>, "ref"> & RefAttributes<...>'.
